// Jest Snapshot v1, https://goo.gl/fbAQLP

exports[`App renders correctly 1`] = `
<div
  className="App"
>
  <h1>
    React Jest Enzyme
  </h1>
  <Link
    onLinkClick={[Function]}
    title="Google"
    url="http://www.google.com"
  />
  <button
    onClick={[Function]}
  />
</div>
`;
