// Jest Snapshot v1, https://goo.gl/fbAQLP

exports[`Link renders correctly 1`] = `
<div
  className="output-area"
>
  <h2>
    A link to 
    mockTitle
  </h2>
  <a
    href="mockUrl"
    onClick={[Function]}
  >
    mockTitle
  </a>
</div>
`;
